2026-07-25 - 17:00:59 - ramon - BIENVENIDO A LA BITACORA DE REGISTRO DEL SISTEMA
2026-07-25 - 17:01:11 - ramon - Acceso a modulo de usuarios
2026-07-25 - 17:29:01 - ramon - BIENVENIDO A LA BITACORA DE REGISTRO DEL SISTEMA
2026-07-25 - 17:29:27 - root - BIENVENIDO A LA BITACORA DE REGISTRO DEL SISTEMA
2026-07-25 - 17:33:06 - root - BIENVENIDO A LA BITACORA DE REGISTRO DEL SISTEMA
2026-07-25 - 17:33:20 - root - Se elimino el grupo 'desarrollo'
2026-07-25 - 17:40:40 - root - BIENVENIDO A LA BITACORA DE REGISTRO DEL SISTEMA
2026-07-25 - 17:46:39 - root - BIENVENIDO A LA BITACORA DE REGISTRO DEL SISTEMA
2026-07-25 - 17:50:22 - root - BIENVENIDO A LA BITACORA DE REGISTRO DEL SISTEMA
2026-07-25 - 17:53:16 - root - BIENVENIDO A LA BITACORA DE REGISTRO DEL SISTEMA
2026-07-25 - 17:53:28 - root - Se creo el grupo 'nuevoGrupo'
2026-07-25 - 17:56:14 - root - BIENVENIDO A LA BITACORA DE REGISTRO DEL SISTEMA
2026-07-25 - 17:59:45 - root - BIENVENIDO A LA BITACORA DE REGISTRO DEL SISTEMA
2026-07-25 - 18:04:03 - root - BIENVENIDO A LA BITACORA DE REGISTRO DEL SISTEMA
2026-07-25 - 18:07:43 - root - BIENVENIDO A LA BITACORA DE REGISTRO DEL SISTEMA
2026-07-25 - 18:07:57 - root - Se creo el grupo 'Nuevo2'
2026-07-25 - 18:10:21 - root - BIENVENIDO A LA BITACORA DE REGISTRO DEL SISTEMA
2026-07-25 - 18:10:43 - root - Se elimino el grupo 'anime'
2026-07-25 - 18:19:30 - root - BIENVENIDO A LA BITACORA DE REGISTRO DEL SISTEMA
2026-07-25 - 18:22:19 - root - Se elimino el grupo 'Nuevo2'
