2026-08-01 - 21:33:02 - ramon - BIENVENIDO A LA BITACORA DE REGISTRO DEL SISTEMA
2026-08-01 - 22:01:30 - ramon - BIENVENIDO A LA BITACORA DE REGISTRO DEL SISTEMA
2026-08-01 - 22:04:12 - ramon - BIENVENIDO A LA BITACORA DE REGISTRO DEL SISTEMA
2026-08-01 - 22:04:49 - ramon - BIENVENIDO A LA BITACORA DE REGISTRO DEL SISTEMA
2026-08-01 - 22:16:42 - ramon - BIENVENIDO A LA BITACORA DE REGISTRO DEL SISTEMA
2026-08-01 - 22:16:59 - root - BIENVENIDO A LA BITACORA DE REGISTRO DEL SISTEMA
2026-08-01 - 22:38:01 - root - BIENVENIDO A LA BITACORA DE REGISTRO DEL SISTEMA
2026-08-01 - 22:40:04 - root - BIENVENIDO A LA BITACORA DE REGISTRO DEL SISTEMA
2026-08-01 - 22:41:48 - root - BIENVENIDO A LA BITACORA DE REGISTRO DEL SISTEMA
2026-08-01 - 22:42:09 - root - Se creo el usuario '_prueba1' en el grupo 'desarrollo'
2026-08-01 - 22:49:18 - root - BIENVENIDO A LA BITACORA DE REGISTRO DEL SISTEMA
2026-08-01 - 22:50:16 - root - BIENVENIDO A LA BITACORA DE REGISTRO DEL SISTEMA
2026-08-01 - 22:50:44 - root - BIENVENIDO A LA BITACORA DE REGISTRO DEL SISTEMA
2026-08-01 - 22:59:54 - root - BIENVENIDO A LA BITACORA DE REGISTRO DEL SISTEMA
2026-08-01 - 23:21:56 - root - BIENVENIDO A LA BITACORA DE REGISTRO DEL SISTEMA
2026-08-01 - 23:22:23 - root - BIENVENIDO A LA BITACORA DE REGISTRO DEL SISTEMA
2026-08-01 - 23:42:46 - root - BIENVENIDO A LA BITACORA DE REGISTRO DEL SISTEMA
2026-08-01 - 23:43:28 - root - Se modifico el comentario del usuario '_prueba1'
2026-08-01 - 23:55:18 - root - BIENVENIDO A LA BITACORA DE REGISTRO DEL SISTEMA
2026-08-01 - 23:55:35 - root - Se bloqueo el usuario '_prueba1'
2026-08-01 - 23:56:30 - root - BIENVENIDO A LA BITACORA DE REGISTRO DEL SISTEMA
2026-08-01 - 23:56:40 - root - Se bloqueo el usuario '_prueba1'
2026-08-01 - 23:56:56 - root - Se bloqueo el usuario '_prueba1'
2026-08-01 - 23:59:02 - root - Se elimino el usuario '_prueba1'
2026-08-01 - 23:59:33 - root - Se agrego 'prueba' al grupo 'seguridad'
2026-08-02 - 00:00:08 - root - Se retiro 'prueba' del grupo 'seguridad'
2026-08-02 - 00:01:14 - root - Se agrego 'prueba' al grupo 'desarrollo'
2026-08-02 - 00:01:37 - root - Se agrego 'prueba' al grupo 'desarrollo'
2026-08-02 - 00:01:52 - root - Se retiro 'prueba' del grupo 'desarrollo'
